---
source: parser/src/pre/lexer.rs
expression: tokens
---
[
    (
        Identifier(
            "int",
        ),
        1..4,
    ),
    (
        Identifier(
            "hello",
        ),
        5..10,
    ),
    (
        Punctuator(
            ParenOpen,
        ),
        10..11,
    ),
    (
        Identifier(
            "const",
        ),
        11..16,
    ),
    (
        Identifier(
            "char",
        ),
        17..21,
    ),
    (
        Punctuator(
            Asterisk,
        ),
        21..22,
    ),
    (
        Identifier(
            "uwu",
        ),
        23..26,
    ),
    (
        Punctuator(
            ParenClose,
        ),
        26..27,
    ),
    (
        Punctuator(
            BraceOpen,
        ),
        28..30,
    ),
    (
        Identifier(
            "uwu",
        ),
        35..38,
    ),
    (
        Punctuator(
            BracketOpen,
        ),
        38..39,
    ),
    (
        PpNumber(
            "5",
        ),
        39..40,
    ),
    (
        Punctuator(
            BracketClose,
        ),
        40..41,
    ),
    (
        Punctuator(
            LeftLeftChevronEq,
        ),
        42..45,
    ),
    (
        PpNumber(
            "23",
        ),
        46..48,
    ),
    (
        Punctuator(
            Semicolon,
        ),
        48..49,
    ),
    (
        Punctuator(
            Asterisk,
        ),
        54..55,
    ),
    (
        Identifier(
            "uwu",
        ),
        55..58,
    ),
    (
        Punctuator(
            Asterisk,
        ),
        59..60,
    ),
    (
        Punctuator(
            ParenOpen,
        ),
        61..62,
    ),
    (
        Identifier(
            "p",
        ),
        62..63,
    ),
    (
        Punctuator(
            PlusPlus,
        ),
        63..65,
    ),
    (
        Punctuator(
            ParenClose,
        ),
        65..66,
    ),
    (
        Punctuator(
            Semicolon,
        ),
        66..67,
    ),
    (
        Identifier(
            "return",
        ),
        72..78,
    ),
    (
        Identifier(
            "p",
        ),
        79..80,
    ),
    (
        Punctuator(
            Semicolon,
        ),
        80..81,
    ),
    (
        Punctuator(
            BraceClose,
        ),
        82..84,
    ),
]
