---
source: parser/src/parser/tests.rs
expression: "(parsed_pretty, pretty_printed_source)"
---
(
    Ok([
        (
            FunctionDef(FunctionDef {
                decl: Normal(NormalDecl {
                    decl_spec: DeclSpec {
                        ty: Int,
                        attrs: "EXTERN | THREAD_LOCAL",
                    },
                    init_declarators: [
                        (
                            InitDecl {
                                declarator: Declarator {
                                    decl: WithParams {
                                        ident: ("uwu", 35..38),
                                        params: [],
                                    },
                                    pointer: false,
                                },
                                init: None,
                            },
                            35..38,
                        ),
                    ],
                }),
                body: [],
            }),
            1..43,
        ),
    ]),
    "extern _Thread_local int uwu() {\n}\n",
)
